// Jest Snapshot v1, https://goo.gl/fbAQLP

exports[`ETcon render correctly 1`] = `<span class="et-icon"><i class="mdi mdi-undefined mdi-24px"></i></span>`;
